  at decodeURI (<anonymous>)
    at viteTransformMiddleware (file:///home/mapachurro/repos/Web3-Glossary/node_modules/vite/dist/node/chunks/dep-jvB8WLp9.js:63436:19)
    at call (file:///home/mapachurro/repos/Web3-Glossary/node_modules/vite/dist/node/chunks/dep-jvB8WLp9.js:42750:7)
    at next (file:///home/mapachurro/repos/Web3-Glossary/node_modules/vite/dist/node/chunks/dep-jvB8WLp9.js:42694:5)
    at viteServePublicMiddleware (file:///home/mapachurro/repos/Web3-Glossary/node_modules/vite/dist/node/chunks/dep-jvB8WLp9.js:53406:20)
    at call (file:///home/mapachurro/repos/Web3-Glossary/node_modules/vite/dist/node/chunks/dep-jvB8WLp9.js:42750:7)
    at next (file:///home/mapachurro/repos/Web3-Glossary/node_modules/vite/dist/node/chunks/dep-jvB8WLp9.js:42694:5)
    at viteHMRPingMiddleware (file:///home/mapachurro/repos/Web3-Glossary/node_modules/vite/dist/node/chunks/dep-jvB8WLp9.js:64695:13)
    at call (file:///home/mapachurro/repos/Web3-Glossary/node_modules/vite/dist/node/chunks/dep-jvB8WLp9.js:42750:7)
    at next (file:///home/mapachurro/repos/Web3-Glossary/node_modules/vite/dist/node/chunks/dep-jvB8WLp9.js:42694:5
